com\tweetdata\configuration\Config$1.class
com\tweetdata\bean\UserDto.class
com\tweetdata\exception\ExceptionMessage.class
com\tweetdata\repository\ReplyRepository.class
com\tweetdata\configuration\Config.class
com\tweetdata\bean\ReplyDto.class
com\tweetdata\bean\Reply.class
com\tweetdata\configuration\SecurityConfiguration.class
com\tweetdata\controller\TweetController.class
com\tweetdata\filter\JwtFilter.class
com\tweetdata\bean\User.class
com\tweetdata\controller\LoginController.class
com\tweetdata\bean\Login.class
com\tweetdata\bean\Tweet.class
com\tweetdata\service\TweetService.class
com\tweetdata\model\JwtResponse.class
com\tweetdata\configuration\Consumer.class
com\tweetdata\configuration\ProducerService.class
com\tweetdata\service\LoginService.class
com\tweetdata\exception\ExceptionController.class
com\tweetdata\utility\JWTUtility.class
com\tweetdata\TweetdataApplication.class
com\tweetdata\configuration\SpringFoxConfig.class
com\tweetdata\repository\LoginRepository.class
com\tweetdata\repository\TweetRepository.class
