D:\Cognizant Project\FSE1 Program\Anindra comp-3 final tweet\Anindra tweetdata\tweetdata\src\main\java\com\tweetdata\bean\UserDto.java
D:\Cognizant Project\FSE1 Program\Anindra comp-3 final tweet\Anindra tweetdata\tweetdata\src\main\java\com\tweetdata\controller\TweetController.java
D:\Cognizant Project\FSE1 Program\Anindra comp-3 final tweet\Anindra tweetdata\tweetdata\src\main\java\com\tweetdata\configuration\ProducerService.java
D:\Cognizant Project\FSE1 Program\Anindra comp-3 final tweet\Anindra tweetdata\tweetdata\src\main\java\com\tweetdata\exception\ExceptionController.java
D:\Cognizant Project\FSE1 Program\Anindra comp-3 final tweet\Anindra tweetdata\tweetdata\src\main\java\com\tweetdata\repository\LoginRepository.java
D:\Cognizant Project\FSE1 Program\Anindra comp-3 final tweet\Anindra tweetdata\tweetdata\src\main\java\com\tweetdata\TweetdataApplication.java
D:\Cognizant Project\FSE1 Program\Anindra comp-3 final tweet\Anindra tweetdata\tweetdata\src\main\java\com\tweetdata\configuration\Consumer.java
D:\Cognizant Project\FSE1 Program\Anindra comp-3 final tweet\Anindra tweetdata\tweetdata\src\main\java\com\tweetdata\bean\Login.java
D:\Cognizant Project\FSE1 Program\Anindra comp-3 final tweet\Anindra tweetdata\tweetdata\src\main\java\com\tweetdata\configuration\SecurityConfiguration.java
D:\Cognizant Project\FSE1 Program\Anindra comp-3 final tweet\Anindra tweetdata\tweetdata\src\main\java\com\tweetdata\utility\JWTUtility.java
D:\Cognizant Project\FSE1 Program\Anindra comp-3 final tweet\Anindra tweetdata\tweetdata\src\main\java\com\tweetdata\service\LoginService.java
D:\Cognizant Project\FSE1 Program\Anindra comp-3 final tweet\Anindra tweetdata\tweetdata\src\main\java\com\tweetdata\exception\ExceptionMessage.java
D:\Cognizant Project\FSE1 Program\Anindra comp-3 final tweet\Anindra tweetdata\tweetdata\src\main\java\com\tweetdata\repository\TweetRepository.java
D:\Cognizant Project\FSE1 Program\Anindra comp-3 final tweet\Anindra tweetdata\tweetdata\src\main\java\com\tweetdata\bean\Tweet.java
D:\Cognizant Project\FSE1 Program\Anindra comp-3 final tweet\Anindra tweetdata\tweetdata\src\main\java\com\tweetdata\controller\LoginController.java
D:\Cognizant Project\FSE1 Program\Anindra comp-3 final tweet\Anindra tweetdata\tweetdata\src\main\java\com\tweetdata\bean\Reply.java
D:\Cognizant Project\FSE1 Program\Anindra comp-3 final tweet\Anindra tweetdata\tweetdata\src\main\java\com\tweetdata\configuration\SpringFoxConfig.java
D:\Cognizant Project\FSE1 Program\Anindra comp-3 final tweet\Anindra tweetdata\tweetdata\src\main\java\com\tweetdata\service\TweetService.java
D:\Cognizant Project\FSE1 Program\Anindra comp-3 final tweet\Anindra tweetdata\tweetdata\src\main\java\com\tweetdata\bean\ReplyDto.java
D:\Cognizant Project\FSE1 Program\Anindra comp-3 final tweet\Anindra tweetdata\tweetdata\src\main\java\com\tweetdata\filter\JwtFilter.java
D:\Cognizant Project\FSE1 Program\Anindra comp-3 final tweet\Anindra tweetdata\tweetdata\src\main\java\com\tweetdata\repository\ReplyRepository.java
D:\Cognizant Project\FSE1 Program\Anindra comp-3 final tweet\Anindra tweetdata\tweetdata\src\main\java\com\tweetdata\bean\User.java
D:\Cognizant Project\FSE1 Program\Anindra comp-3 final tweet\Anindra tweetdata\tweetdata\src\main\java\com\tweetdata\configuration\Config.java
D:\Cognizant Project\FSE1 Program\Anindra comp-3 final tweet\Anindra tweetdata\tweetdata\src\main\java\com\tweetdata\model\JwtResponse.java
